
> frontend@0.0.0 test
> ng test --include=src/app/features/games/games.component.spec.ts --include=src/app/features/landing-page/landing-page.component.spec.ts --watch=false --browsers=ChromeHeadless

node.exe : - Generating 
browser application bundles 
(phase: setup)...
At line:1 char:1
+ & "C:\Program 
Files\nodejs/node.exe" 
"C:\Program 
Files\nodejs/node_mo ...
+ ~~~~~~~~~~~~~~~~~~~~~~~~~~~~~
~~~~~~~~~~~~~~~~~~~~~~~~~~~~~~~
~~~~~~~~~
    + CategoryInfo          :  
   NotSpecified: (- Generatin  
  g br...hase: setup)...:Str   
 ing) [], RemoteException
    + FullyQualifiedErrorId :  
   NativeCommandError
 
Γ£ö Browser application bundle 
generation complete.
[1m[31m
Error: [96msrc/app/services/si
gnalr.service.spec.ts[0m:[93m
3[0m:[93m10[0m - 
[91merror[0m[90m TS2724: 
[0m'"./signalr.service"' has 
no exported member named 
'SignalrService'. Did you mean 
'SignalRService'?

[7m3[0m import { 
SignalrService } from 
'./signalr.service';
[7m [0m [91m         
~~~~~~~~~~~~~~[0m

  [96msrc/app/services/signalr
.service.ts[0m:[93m44[0m:[9
3m14[0m
    [7m44[0m export class 
SignalRService {
    [7m  [0m [96m           
  ~~~~~~~~~~~~~~[0m
    'SignalRService' is 
declared here.


[39m[22m
[32m10 12 2025 14:37:41.811:INFO [karma-server]: [39mKarma v6.4.4 server started at http://localhost:9876/
[32m10 12 2025 14:37:41.812:INFO [launcher]: [39mLaunching browsers ChromeHeadless with concurrency unlimited
[91m10 12 2025 14:37:41.813:ERROR [karma-server]: [39mError: Found 1 load error
    at Server.<anonymous> (C:\Programming\board game hub\frontend\node_modules\karma\lib\server.js:243:26)
    at Object.onceWrapper (node:events:621:28)
    at Server.emit (node:events:519:35)
    at emitListeningNT (node:net:1983:10)
    at process.processTicksAndRejections (node:internal/process/task_queues:89:21)
Γ£ö Browser application bundle 
generation complete.
Γ£ö Browser application bundle 
generation complete.
